// Jest Snapshot v1, https://goo.gl/fbAQLP

exports[`<About /> Should match Snapshot 1`] = `
<DocumentFragment>
  .c1 {
  position: absolute;
  top: -60px;
}

.c0 {
  height: 80rem;
  position: relative;
  background: url("/static/images/bio/bio.gif") no-repeat center center;
  background-size: cover;
  border-bottom: 10px solid #141414;
}

.c3 {
  width: 60rem;
}

.c3 p {
  text-align: justify;
  font-weight: 300;
  font-size: 1.7rem;
  margin-bottom: 20px;
}

.c4 {
  box-shadow: -5px 5px 5px 0px rgba(0,0,0,0.2);
  border: 1px solid;
  float: left;
  width: 20rem;
  margin: 15px;
  position: relative;
  top: 10px;
}

.c2 {
  background-image: url("/static/images/common/texture.png");
  height: 100%;
  display: -webkit-box;
  display: -webkit-flex;
  display: -ms-flexbox;
  display: flex;
  -webkit-align-items: center;
  -webkit-box-align: center;
  -ms-flex-align: center;
  align-items: center;
  -webkit-box-pack: center;
  -webkit-justify-content: center;
  -ms-flex-pack: center;
  justify-content: center;
}

@media (max-width:700px) {
  .c0 {
    height: 100rem;
  }
}

@media (max-width:700px) {
  .c3 {
    padding: 3rem;
  }
}

<section
    class="c0"
  >
    <a
      class="c1"
      name="about"
    />
    <div
      class="c2"
    >
      <div
        class="c3"
      >
        <p>
          I am a Los Angeles based Front-End Software Engineer with over 10 years of development experience. The latter comes from working on enterprise websites which actively receive more than 2 million unique visitors a day. My duties include development of new features and components, active maintenance, code refactoring, as well as unit testing.
        </p>
        <img
          class="c4"
          src="/static/images/bio/rex.jpg"
        />
        <p>
          If I am not writing code, you will probably find me walking my üêïnamed Rex through Griffith Park or surfing in Redondo Beach. I have recently started listening to tech talks at breweries - what could be more enjoyable than learning new technologies while having a beer?
        </p>
        <p>
          Below is a small sample of my work. All examples were taken from PSD to code. Technology used include React/Redux, HTML, CSS, PHP, and Magento.
        </p>
      </div>
    </div>
  </section>
</DocumentFragment>
`;
