// Jest Snapshot v1, https://goo.gl/fbAQLP

exports[`<Header /> Should match Snapshot 1`] = `
<DocumentFragment>
  .c0 {
  position: -webkit-sticky;
  position: sticky;
  top: 0;
  z-index: 100;
  height: 60px;
  padding: 0 5%;
  width: 100%;
  background-color: #141414;
  color: #fff;
  display: -webkit-box;
  display: -webkit-flex;
  display: -ms-flexbox;
  display: flex;
  -webkit-flex-direction: row;
  -ms-flex-direction: row;
  flex-direction: row;
  -webkit-box-pack: justify;
  -webkit-justify-content: space-between;
  -ms-flex-pack: justify;
  justify-content: space-between;
  -webkit-align-items: center;
  -webkit-box-align: center;
  -ms-flex-align: center;
  align-items: center;
  box-shadow: -5px 5px 5px 0px rgba(0,0,0,0.2);
}

.c1 {
  width: 52px;
  height: 39px;
  background: url("/static/images/header/invaders-nav.svg");
  text-indent: -9999px;
  overflow: hidden;
  -webkit-transition: background-position 0.3s;
  transition: background-position 0.3s;
  background-position: 0 0;
}

.c2 ul {
  display: -webkit-box;
  display: -webkit-flex;
  display: -ms-flexbox;
  display: flex;
  -webkit-box-pack: justify;
  -webkit-justify-content: space-between;
  -ms-flex-pack: justify;
  justify-content: space-between;
  background-color: #141414;
}

.c2 li {
  margin: 0 1rem;
  text-transform: uppercase;
  font-weight: 300;
}

.c2 a {
  color: white;
}

.c2 a:hover {
  color: #e0e0e0;
}

.c3 {
  display: none;
}

@media (max-width:700px) {
  .c2 {
    position: absolute;
    top: 60px;
    left: 0;
    width: 100%;
    margin: 0;
    padding: 0;
  }

  .c2 ul {
    display: none;
  }

  .c2 li {
    height: 4rem;
  }
}

@media (max-width:700px) {
  .c3 {
    display: block;
  }

  .c3 div {
    width: 30px;
    height: 3px;
    background-color: #fff;
    margin: 6px 0;
  }
}

<header
    class="c0"
  >
    <a
      href="#quotes"
    >
      <h1
        class="c1"
      >
        Michael Nease
      </h1>
    </a>
    <nav
      class="c2"
    >
      <ul>
        <li>
          <a
            href="#about"
            name="crab"
          >
            About
          </a>
        </li>
        <li>
          <a
            href="#technology"
            name="antenna"
          >
            Technology
          </a>
        </li>
        <li>
          <a
            href="#portfolio"
            name="legs"
          >
            Portfolio
          </a>
        </li>
        <li>
          <a
            href="#contact"
            name="octopus"
          >
            Contact
          </a>
        </li>
      </ul>
    </nav>
    <div
      class="c3"
    >
      <div />
      <div />
      <div />
    </div>
  </header>
</DocumentFragment>
`;
