// Jest Snapshot v1, https://goo.gl/fbAQLP

exports[`<Portfolio /> Should match Snapshot 1`] = `
<DocumentFragment>
  .c2 {
  position: absolute;
  top: -60px;
}

.c0 {
  position: relative;
  border-bottom: 10px solid #141414;
}

.c3 {
  display: grid;
  grid-template-columns: 1fr 1fr;
  grid-gap: 20px;
  width: 80rem;
  margin: 10rem 0;
}

.c4 {
  grid-column: span 2;
  border: 2px solid #141414;
  box-shadow: -5px 5px 5px 0px rgba(0,0,0,0.2);
}

.c5 {
  grid-column: span 1;
  border: 2px solid #141414;
  box-shadow: -5px 5px 5px 0px rgba(0,0,0,0.2);
}

.c1 {
  background-image: url("/static/images/common/texture.png");
  height: 100%;
  display: -webkit-box;
  display: -webkit-flex;
  display: -ms-flexbox;
  display: flex;
  -webkit-align-items: center;
  -webkit-box-align: center;
  -ms-flex-align: center;
  align-items: center;
  -webkit-box-pack: center;
  -webkit-justify-content: center;
  -ms-flex-pack: center;
  justify-content: center;
}

<section
    class="c0"
  >
    <div
      class="c1"
    >
      <a
        class="c2"
        name="portfolio"
      />
      <section
        class="c3"
      >
        <img
          class="c4"
          src="/static/images/portfolio/drumoff2011.jpg"
        />
        <img
          class="c4"
          src="/static/images/portfolio/drumoff2010.jpg"
        />
        <img
          class="c4"
          src="/static/images/portfolio/sessions.jpg"
        />
        <img
          class="c5"
          src="/static/images/portfolio/platinum-home.jpg"
        />
        <img
          class="c5"
          src="/static/images/portfolio/platinum-pdp.jpg"
        />
        <img
          class="c5"
          src="/static/images/portfolio/onlyincalifornia.jpg"
        />
        <img
          class="c5"
          src="/static/images/portfolio/powerlevelreview.jpg"
        />
      </section>
    </div>
  </section>
</DocumentFragment>
`;
