// Jest Snapshot v1, https://goo.gl/fbAQLP

exports[`<Quotes /> Should match Snapshot 1`] = `
<DocumentFragment>
  .c0 {
  background-color: gray;
  position: relative;
  height: 100vh;
  background: url("/static/images/quotes/quotes.gif") no-repeat center center;
  background-size: cover;
  min-height: 6.2rem;
  border-bottom: 10px solid #141414;
}

.c4 {
  background-color: #fff;
  margin: 0 0 15px 0;
  padding: 15px;
  box-shadow: -5px 5px 5px 0px rgba(0,0,0,0.2);
  width: 50rem;
}

.c4 q {
  font-size: 1.4rem;
}

.c5 {
  display: block;
  font-weight: bold;
  text-align: right;
  font-size: 1.4rem;
  margin-top: 1.5rem;
}

.c3 {
  box-shadow: -5px 5px 5px 0px rgba(0,0,0,0.2);
  position: absolute;
  z-index: 1;
  left: 50%;
  -webkit-transform: translate(-50%);
  -ms-transform: translate(-50%);
  transform: translate(-50%);
  width: 124px;
  height: 210px;
  background: url("/static/images/header/mocmennemcom.svg") no-repeat center center;
  -webkit-animation: gGKbGi 0.5s ease-in 1.5s 1 normal both running;
  animation: gGKbGi 0.5s ease-in 1.5s 1 normal both running;
}

.c1 {
  position: absolute;
  top: -60px;
}

.c2 {
  background-image: url("/static/images/common/texture.png");
  height: 100%;
  display: -webkit-box;
  display: -webkit-flex;
  display: -ms-flexbox;
  display: flex;
  -webkit-align-items: center;
  -webkit-box-align: center;
  -ms-flex-align: center;
  align-items: center;
  -webkit-box-pack: center;
  -webkit-justify-content: center;
  -ms-flex-pack: center;
  justify-content: center;
}

@media (max-width:700px) {
  .c4 {
    width: 30rem;
  }
}

@media (max-width:700px) {
  .c3 {
    width: 83px;
    height: 140px;
  }
}

<section
    class="c0"
  >
    <a
      class="c1"
      name="quotes"
    />
    <div
      class="c2"
    >
      <div
        class="c3"
      />
      <ul>
        <li>
          <blockquote
            class="c4"
          >
            <q>
              If debugging is the process of removing software bugs, then programming must be the process of putting them in.
            </q>
            <cite
              class="c5"
            >
              Edsger Dijkstra
            </cite>
          </blockquote>
        </li>
        <li>
          <blockquote
            class="c4"
          >
            <q>
              The best performance improvement is the transition from the nonworking state to the working state.
            </q>
            <cite
              class="c5"
            >
              J. Osterhout
            </cite>
          </blockquote>
        </li>
        <li>
          <blockquote
            class="c4"
          >
            <q>
              Design is a funny word. Some people think design means how it looks. But of course, if you dig deeper, it's really how it works.
            </q>
            <cite
              class="c5"
            >
              Steve Jobs
            </cite>
          </blockquote>
        </li>
      </ul>
    </div>
  </section>
</DocumentFragment>
`;
